<?xml version="1.0" encoding="UTF-8"?>
<testsuites name="jest tests" tests="4" failures="0" errors="0" time="0.955">
  <testsuite name="undefined" errors="0" failures="0" skipped="0" timestamp="2024-11-16T01:47:13" time="0.577" tests="4">
    <testcase classname=" Test Initial Loading of the App" name=" Test Initial Loading of the App" time="0.031">
    </testcase>
    <testcase classname=" Show alert on clicking show button if no patient is selected" name=" Show alert on clicking show button if no patient is selected" time="0.013">
    </testcase>
    <testcase classname=" Test getting patient details" name=" Test getting patient details" time="0.056">
    </testcase>
    <testcase classname=" Clicking the next button should display next patient" name=" Clicking the next button should display next patient" time="0.062">
    </testcase>
  </testsuite>
</testsuites>